// Jest Snapshot v1, https://goo.gl/fbAQLP

exports[`| Panel Test Object | should render correctly in "debug" mode 1`] = `ShallowWrapper {}`;

exports[`| Panel Test Object | should render correctly in "production" mode 1`] = `ShallowWrapper {}`;
