// Jest Snapshot v1, https://goo.gl/fbAQLP

exports[`| App Test Object | should render correctly in "debug" mode 1`] = `ShallowWrapper {}`;

exports[`| Primary View Test Object | should render correctly in "debug" mode 1`] = `ShallowWrapper {}`;
